// Vitest Snapshot v1, https://vitest.dev/guide/snapshot.html

exports[`volar > basic.ts 1`] = `"export const x: any = true ? 1 : (function (e): never { throw e })(1)"`;
